
======================================================================
ep01_镜01  (4.041667s, 1 拍, 估算 291 token)
======================================================================
From the red-dirt road toward the open prison gate, looking past Chen toward Jiang. The camera rides a slow dolly at eye level. Full shot easing toward a medium shot with gate posts still at the sides. A small slow push only as far as the medium composition with gate posts visible, then holds at that size. Jiang Yan in a faded blue shirt faces Chen Ye in a brown work shirt and dark neck towel.

Jiang continues his forward step through the already open gate, raises his chin toward Chen and stops within greeting distance. Chen turns his head toward Jiang, his right hand carrying the capped bottle low. Light dry wind and distant road noise.

Throughout the shot, the visible faces, hairstyles and clothing match the first frame; the scene remains the same open rusted prison gate, peeling walls and red-dirt road under hard midday sunlight.

Photorealistic modern African mining drama, natural skin and fabric texture, restrained performance, vertical composition.

======================================================================
ep01_镜02  (4.041667s, 1 拍, 估算 253 token)
======================================================================
From the gate side looking past Jiang on the left toward Chen on the road. The camera is locked off at eye level. A steady medium two-person composition with the existing hands and props visible. Jiang Yan in a faded blue shirt faces Chen Ye in a brown work shirt and dark neck towel.

Chen completes one firm pat with his raised left palm on Jiang's shoulder, then lowers that hand. Jiang settles his feet facing Chen; Chen's right hand carries the capped bottle beside his hip. Light dry wind and distant road noise.

Throughout the shot, the visible faces, hairstyles and clothing match the first frame; the scene remains the same open rusted prison gate, peeling walls and red-dirt road under hard midday sunlight.

Photorealistic modern African mining drama, natural skin and fabric texture, restrained performance, vertical composition.

======================================================================
ep01_镜03  (5.041667s, 1 拍, 估算 292 token)
======================================================================
From the gate side looking past Jiang on the left toward Chen on the road. The camera is locked off at eye level. A steady medium two-person composition with the existing hands and props visible. Jiang Yan in a faded blue shirt faces Chen Ye in a brown work shirt and dark neck towel.

As Chen speaks, Jiang closes his open left fingers around the offered bottle. Chen releases it and draws his right hand back; Jiang brings his right fingertips to the white cap and glances down at it. Chen speaks in Mandarin Chinese with a rough medium-low male voice, direct and emphatic: "江老弟，你可算出来了！". Light dry wind and distant road noise.

Throughout the shot, the visible faces, hairstyles and clothing match the first frame; the scene remains the same open rusted prison gate, peeling walls and red-dirt road under hard midday sunlight.

Photorealistic modern African mining drama, natural skin and fabric texture, restrained performance, vertical composition.

======================================================================
ep01_镜04_u1  (5.041667s, 1 拍, 估算 274 token)
======================================================================
From the gate side looking past Jiang on the left toward Chen on the road. The camera is locked off at eye level. A steady chest-up close-up retaining the partner at the frame edge. Jiang Yan in a faded blue shirt faces Chen Ye in a brown work shirt and dark neck towel.

Chen's brows draw together as his lips articulate the opening clause; his gaze stays on Jiang at the left edge. He ends with a short breath through parted lips. Chen speaks in Mandarin Chinese with a rough medium-low male voice, direct and emphatic: "这阵子我查明白了，". Light dry wind and distant road noise.

Throughout the shot, the visible faces, hairstyles and clothing match the first frame; the scene remains the same open rusted prison gate, peeling walls and red-dirt road under hard midday sunlight.

Photorealistic modern African mining drama, natural skin and fabric texture, restrained performance, vertical composition.

======================================================================
ep01_镜04_u2  (5.375s, 1 拍, 估算 275 token)
======================================================================
From the gate side looking past Jiang on the left toward Chen on the road. The camera is locked off at eye level. A steady chest-up close-up retaining the partner at the frame edge. Jiang Yan in a faded blue shirt faces Chen Ye in a brown work shirt and dark neck towel.

Chen's jaw advances slightly as he identifies the culprit, then settles; his eyes remain on Jiang while his lips finish the accusation. Chen speaks in Mandarin Chinese with a rough medium-low male voice, direct and emphatic: "你这事根本就是顾浩那小子给你做的局。". Light dry wind and distant road noise.

Throughout the shot, the visible faces, hairstyles and clothing match the first frame; the scene remains the same open rusted prison gate, peeling walls and red-dirt road under hard midday sunlight.

Photorealistic modern African mining drama, natural skin and fabric texture, restrained performance, vertical composition.

======================================================================
ep01_镜05  (4.041667s, 1 拍, 估算 250 token)
======================================================================
From the red-dirt road toward the open prison gate, looking past Chen toward Jiang. The camera is locked off at eye level. A steady chest-up close-up retaining the partner at the frame edge. Jiang Yan in a faded blue shirt faces Chen Ye in a brown work shirt and dark neck towel.

Jiang's right fingertips give the cap a small partial twist, then stop with the cap still seated. His eyes lift toward Chen and his mouth remains closed. His left hand supports the bottle. Light dry wind and distant road noise.

Throughout the shot, the visible faces, hairstyles and clothing match the first frame; the scene remains the same open rusted prison gate, peeling walls and red-dirt road under hard midday sunlight.

Photorealistic modern African mining drama, natural skin and fabric texture, restrained performance, vertical composition.

======================================================================
ep01_镜06_u1  (5.041667s, 1 拍, 估算 266 token)
======================================================================
From the gate side looking past Jiang on the left toward Chen on the road. The camera is locked off at eye level. A steady chest-up close-up retaining the partner at the frame edge. Jiang Yan in a faded blue shirt faces Chen Ye in a brown work shirt and dark neck towel.

Chen's lips move evenly as he names the accomplice; his head inclines a few degrees toward Jiang and then steadies. Chen speaks in Mandarin Chinese with a rough medium-low male voice, direct and emphatic: "他和本地矿商马库斯俩人串通好，". Light dry wind and distant road noise.

Throughout the shot, the visible faces, hairstyles and clothing match the first frame; the scene remains the same open rusted prison gate, peeling walls and red-dirt road under hard midday sunlight.

Photorealistic modern African mining drama, natural skin and fabric texture, restrained performance, vertical composition.

======================================================================
ep01_镜06_u2  (5.041667s, 1 拍, 估算 274 token)
======================================================================
From the gate side looking past Jiang on the left toward Chen on the road. The camera is locked off at eye level. A steady chest-up close-up retaining the partner at the frame edge. Jiang Yan in a faded blue shirt faces Chen Ye in a brown work shirt and dark neck towel.

Chen's brows lower as his lips form the words about the forged signature; his head stays directed toward Jiang and settles at the clause break. Chen speaks in Mandarin Chinese with a rough medium-low male voice, direct and emphatic: "伪造了签你英文名的交易合同，". Light dry wind and distant road noise.

Throughout the shot, the visible faces, hairstyles and clothing match the first frame; the scene remains the same open rusted prison gate, peeling walls and red-dirt road under hard midday sunlight.

Photorealistic modern African mining drama, natural skin and fabric texture, restrained performance, vertical composition.

======================================================================
ep01_镜07  (7.708333s, 1 拍, 估算 319 token)
======================================================================
From the red-dirt road toward the open prison gate, looking past Chen toward Jiang. The camera is locked off at eye level. A steady chest-up close-up retaining the partner at the frame edge. Jiang Yan in a faded blue shirt faces Chen Ye in a brown work shirt and dark neck towel.

0-7.70833s: Jiang's eyes settle on Chen and his eyelids close and open once. His fingertips rest on the seated bottle cap and his lips remain closed as he listens. Chen speaks in Mandarin Chinese with a rough medium-low male voice, direct and emphatic: "拿了新矿的高品位矿样，趁你下井查工作的功夫，". The voice comes from off-screen while the person visible in frame keeps their lips closed and still. Light dry wind and distant road noise.

Throughout the shot, the visible faces, hairstyles and clothing match the first frame; the scene remains the same open rusted prison gate, peeling walls and red-dirt road under hard midday sunlight.

Photorealistic modern African mining drama, natural skin and fabric texture, restrained performance, vertical composition.

======================================================================
ep01_镜08  (7.041667s, 1 拍, 估算 309 token)
======================================================================
From the gate side looking past Jiang on the left toward Chen on the road. The camera is locked off at eye level. A steady medium two-person composition with the existing hands and props visible. Jiang Yan in a faded blue shirt faces Chen Ye in a brown work shirt and dark neck towel.

0-7.04167s: Chen leans his shoulders slightly toward Jiang while his lips finish the account of planting evidence and calling the police, then settles upright. Jiang maintains the bottle and cap grip visible in the opening image. Chen speaks in Mandarin Chinese with a rough medium-low male voice, direct and emphatic: "偷偷塞进你办公室抽屉，转头就匿名报了警。". Light dry wind and distant road noise.

Throughout the shot, the visible faces, hairstyles and clothing match the first frame; the scene remains the same open rusted prison gate, peeling walls and red-dirt road under hard midday sunlight.

Photorealistic modern African mining drama, natural skin and fabric texture, restrained performance, vertical composition.

======================================================================
ep01_镜09  (7.708333s, 3 拍, 估算 366 token)
======================================================================
From the red-dirt road toward the open prison gate, looking past Chen toward Jiang. The camera is locked off at eye level. A steady chest-up close-up retaining the partner at the frame edge. Jiang Yan in a faded blue shirt faces Chen Ye in a brown work shirt and dark neck towel.

0-2.5s: Below the lower crop Jiang's right fingers finish unscrewing the cap; his left hand raises the open bottle into view until its rim touches his lips. A faint cap-thread click precedes the lift. Light dry wind and distant road noise.

2.5-5s: Jiang tilts the bottle for one small sip, lowers it beneath the crop and swallows, his throat moving once. His gaze settles on Chen at the left edge.

5-7.70833s: Jiang's lips form the short answer with a level jaw, then close; his eyes remain on Chen. Jiang speaks in Mandarin Chinese with a low steady young male voice, measured and restrained: "我猜到是他。".

Throughout the shot, the visible faces, hairstyles and clothing match the first frame; the scene remains the same open rusted prison gate, peeling walls and red-dirt road under hard midday sunlight.

Photorealistic modern African mining drama, natural skin and fabric texture, restrained performance, vertical composition.

======================================================================
ep01_镜10  (4.041667s, 1 拍, 估算 282 token)
======================================================================
From the gate side looking past Jiang on the left toward Chen on the road. The camera is locked off at eye level. A steady medium two-person composition with the existing hands and props visible. Jiang Yan in a faded blue shirt faces Chen Ye in a brown work shirt and dark neck towel.

Chen's eyebrows lift and his chin draws back a fraction as his lips form the short question; his mouth settles slightly open. Jiang holds the uncapped bottle low in the left foreground. Chen speaks in Mandarin Chinese with a rough medium-low male voice, direct and emphatic: "你知道？". Light dry wind and distant road noise.

Throughout the shot, the visible faces, hairstyles and clothing match the first frame; the scene remains the same open rusted prison gate, peeling walls and red-dirt road under hard midday sunlight.

Photorealistic modern African mining drama, natural skin and fabric texture, restrained performance, vertical composition.

======================================================================
ep01_镜11  (5.041667s, 1 拍, 估算 279 token)
======================================================================
From the red-dirt road toward the open prison gate, looking past Chen toward Jiang. The camera is locked off at eye level. A steady chest-up close-up retaining the partner at the frame edge. Jiang Yan in a faded blue shirt faces Chen Ye in a brown work shirt and dark neck towel.

Jiang's eyes narrow slightly toward Chen and his lips shape the short answer with a level jaw. His lips close at the end; his shoulders remain settled. Jiang speaks in Mandarin Chinese with a low steady young male voice, measured and restrained: "除了他，没人会这么针对我。". Light dry wind and distant road noise.

Throughout the shot, the visible faces, hairstyles and clothing match the first frame; the scene remains the same open rusted prison gate, peeling walls and red-dirt road under hard midday sunlight.

Photorealistic modern African mining drama, natural skin and fabric texture, restrained performance, vertical composition.

======================================================================
ep01_镜12_u1  (6.041667s, 1 拍, 估算 291 token)
======================================================================
From the gate side looking past Jiang on the left toward Chen on the road. The camera is locked off at eye level. A steady medium two-person composition with the existing hands and props visible. Jiang Yan in a faded blue shirt faces Chen Ye in a brown work shirt and dark neck towel.

0-6.04167s: Chen's jaw tightens and his shoulders rise slightly with an indignant breath as he speaks, then lower. Jiang's left hand holds the uncapped bottle and his right holds the white cap low. Chen speaks in Mandarin Chinese with a rough medium-low male voice, direct and emphatic: "这兔崽子也太缺德了！". Light dry wind and distant road noise.

Throughout the shot, the visible faces, hairstyles and clothing match the first frame; the scene remains the same open rusted prison gate, peeling walls and red-dirt road under hard midday sunlight.

Photorealistic modern African mining drama, natural skin and fabric texture, restrained performance, vertical composition.

======================================================================
ep01_镜12_u2  (7.375s, 1 拍, 估算 310 token)
======================================================================
From the gate side looking past Jiang on the left toward Chen on the road. The camera is locked off at eye level. A steady medium two-person composition with the existing hands and props visible. Jiang Yan in a faded blue shirt faces Chen Ye in a brown work shirt and dark neck towel.

0-7.375s: Chen's lips articulate the contrast between the gold discovery and the betrayal, his brows pressing inward. He ends with his jaw set, both hands low. Jiang keeps bottle and cap in their respective hands. Chen speaks in Mandarin Chinese with a rough medium-low male voice, direct and emphatic: "你前脚刚帮他们家找出三吨储量的金矿，后脚他就卸磨杀驴！". Light dry wind and distant road noise.

Throughout the shot, the visible faces, hairstyles and clothing match the first frame; the scene remains the same open rusted prison gate, peeling walls and red-dirt road under hard midday sunlight.

Photorealistic modern African mining drama, natural skin and fabric texture, restrained performance, vertical composition.

======================================================================
ep01_镜13  (4.041667s, 1 拍, 估算 309 token)
======================================================================
From the red-dirt road toward the open prison gate, looking past Chen toward Jiang. The camera is locked off at eye level. A steady chest-up close-up retaining the partner at the frame edge. Jiang Yan in a faded blue shirt faces Chen Ye in a brown work shirt and dark neck towel.

Jiang's eyes stay on Chen, his chin dips slightly during the pause before the question, then steadies. His lips remain closed throughout the off-screen question. Chen speaks in Mandarin Chinese with a rough medium-low male voice, direct and emphatic: "那咱，还回万通矿业吗？". The voice comes from off-screen while the person visible in frame keeps their lips closed and still. Light dry wind and distant road noise.

Throughout the shot, the visible faces, hairstyles and clothing match the first frame; the scene remains the same open rusted prison gate, peeling walls and red-dirt road under hard midday sunlight.

Photorealistic modern African mining drama, natural skin and fabric texture, restrained performance, vertical composition.

======================================================================
ep01_镜14  (4.041667s, 2 拍, 估算 286 token)
======================================================================
From the red-dirt road toward the open prison gate, looking past Chen toward Jiang. The camera is locked off at eye level. A steady chest-up close-up retaining the partner at the frame edge. Jiang Yan in a faded blue shirt faces Chen Ye in a brown work shirt and dark neck towel.

First, jiang turns his head a few degrees left and right once, then settles facing Chen. Light dry wind and distant road noise.

Finally, jiang's lips articulate the decision evenly, then close as his gaze remains steady on Chen. Jiang speaks in Mandarin Chinese with a low steady young male voice, measured and restrained: "不回了，自己干。".

Throughout the shot, the visible faces, hairstyles and clothing match the first frame; the scene remains the same open rusted prison gate, peeling walls and red-dirt road under hard midday sunlight.

Photorealistic modern African mining drama, natural skin and fabric texture, restrained performance, vertical composition.

======================================================================
ep01_镜15_u1  (4.041667s, 1 拍, 估算 291 token)
======================================================================
From the gate side looking past Jiang on the left toward Chen on the road. The camera is locked off at eye level. A steady medium two-person composition with the existing hands and props visible. Jiang Yan in a faded blue shirt faces Chen Ye in a brown work shirt and dark neck towel.

Chen's eyes widen; his right palm strikes his own thigh once as he gives the opening exclamation, then rests against the thigh. Jiang listens with bottle in his left hand and white cap in his right. Chen speaks in Mandarin Chinese with a rough medium-low male voice, direct and emphatic: "好！我就等你这句话呢！". Light dry wind and distant road noise.

Throughout the shot, the visible faces, hairstyles and clothing match the first frame; the scene remains the same open rusted prison gate, peeling walls and red-dirt road under hard midday sunlight.

Photorealistic modern African mining drama, natural skin and fabric texture, restrained performance, vertical composition.

======================================================================
ep01_镜15_u2  (4.041667s, 1 拍, 估算 278 token)
======================================================================
From the gate side looking past Jiang on the left toward Chen on the road. The camera is locked off at eye level. A steady medium two-person composition with the existing hands and props visible. Jiang Yan in a faded blue shirt faces Chen Ye in a brown work shirt and dark neck towel.

With his right palm resting on his thigh, Chen's shoulders lean forward slightly as his lips offer equipment and workers; he settles at the clause break. Chen speaks in Mandarin Chinese with a rough medium-low male voice, direct and emphatic: "设备、工人我都能搞到，". Light dry wind and distant road noise.

Throughout the shot, the visible faces, hairstyles and clothing match the first frame; the scene remains the same open rusted prison gate, peeling walls and red-dirt road under hard midday sunlight.

Photorealistic modern African mining drama, natural skin and fabric texture, restrained performance, vertical composition.

======================================================================
ep01_镜15_u3  (5.041667s, 1 拍, 估算 293 token)
======================================================================
From the gate side looking past Jiang on the left toward Chen on the road. The camera is locked off at eye level. A steady medium two-person composition with the existing hands and props visible. Jiang Yan in a faded blue shirt faces Chen Ye in a brown work shirt and dark neck towel.

Chen's chin lifts a fraction as he voices their plan; his lips finish firmly and close. His right hand remains resting at his thigh while Jiang brings the cap nearer the bottle neck. Chen speaks in Mandarin Chinese with a rough medium-low male voice, direct and emphatic: "咱自己找矿自己干，不受他顾家的鸟气！". Light dry wind and distant road noise.

Throughout the shot, the visible faces, hairstyles and clothing match the first frame; the scene remains the same open rusted prison gate, peeling walls and red-dirt road under hard midday sunlight.

Photorealistic modern African mining drama, natural skin and fabric texture, restrained performance, vertical composition.

======================================================================
ep01_镜16_u1  (5.041667s, 1 拍, 估算 269 token)
======================================================================
From the red-dirt road toward the open prison gate, looking past Chen toward Jiang. The camera is locked off at eye level. A full-body wide composition retaining the established spatial relationships. Jiang Yan in a faded blue shirt faces Chen Ye in a brown work shirt and dark neck towel.

Jiang gives one small nod, his right fingers tighten the white cap onto the bottle in his left hand, then he turns his shoulders toward the SUV at the left edge. He takes two short steps toward the visible vehicle edge and pauses beside it. Light dry wind and distant road noise.

Throughout the shot, the visible faces, hairstyles and clothing match the first frame; the scene remains the same open rusted prison gate, peeling walls and red-dirt road under hard midday sunlight.

Photorealistic modern African mining drama, natural skin and fabric texture, restrained performance, vertical composition.

======================================================================
ep01_镜17  (6.041667s, 1 拍, 估算 359 token)
======================================================================
From the pickup area beside Su Hui toward Jiang and the terminal glass. The camera is locked off at eye level. A full-body wide composition retaining the established spatial relationships. Young Jiang Yan in a faded blue shirt reunites with Su Hui in a cream dress, gray apron and gray hair bun.

0-6.04167s: Already outside the terminal, Jiang lifts his eyes from the address paper toward the woman approaching on his right; his lips remain closed. The paper corner flutters in his left hand, his right hand holds the suitcase handle, and both backpack straps stay over his shoulders. Adult Jiang narrates in Mandarin Chinese with the same low steady male voice, reflective and measured: "我叫江砚，高一那年父亲车祸去世，". The voice comes from off-screen while the person visible in frame keeps their lips closed and still. Distant curb traffic and indistinct terminal ambience.

Throughout the shot, the visible faces, hairstyles and clothing match the first frame; the scene remains the same terminal glass, concrete canopy and curb under daytime sunlight.

Photorealistic modern African mining drama, natural skin and fabric texture, restrained performance, vertical composition.

======================================================================
ep01_镜18_u1  (6.375s, 1 拍, 估算 359 token)
======================================================================
From the terminal-side walkway toward the curb, facing Su Hui with Jiang at the right edge. The camera is locked off at eye level. A full-body wide composition retaining the established spatial relationships. Young Jiang Yan in a faded blue shirt reunites with Su Hui in a cream dress, gray apron and gray hair bun.

0-6.375s: Su Hui takes one small remaining step toward Jiang and stops facing him, her shoulders drawing inward. Her eyes lift toward his face while her lips stay closed; Jiang remains in the right foreground with both backpack straps in place. Adult Jiang narrates in Mandarin Chinese with the same low steady male voice, reflective and measured: "母亲为了供我读书，远赴非洲投奔我远房表叔顾万通，". The voice comes from off-screen while the person visible in frame keeps their lips closed and still. Distant curb traffic and indistinct terminal ambience.

Throughout the shot, the visible faces, hairstyles and clothing match the first frame; the scene remains the same terminal glass, concrete canopy and curb under daytime sunlight.

Photorealistic modern African mining drama, natural skin and fabric texture, restrained performance, vertical composition.

======================================================================
ep01_镜18_u2  (5.041667s, 1 拍, 估算 342 token)
======================================================================
From the terminal-side walkway toward the curb, facing Su Hui with Jiang at the right edge. The camera is locked off at eye level. A full-body wide composition retaining the established spatial relationships. Young Jiang Yan in a faded blue shirt reunites with Su Hui in a cream dress, gray apron and gray hair bun.

Standing at the distance reached in the previous segment, Su Hui blinks slowly, her shoulders lifting and settling with a breath. She looks toward Jiang with closed lips; the existing travelers make small weight shifts in the background. Adult Jiang narrates in Mandarin Chinese with the same low steady male voice, reflective and measured: "一去就是七年。". The voice comes from off-screen while the person visible in frame keeps their lips closed and still. Distant curb traffic and indistinct terminal ambience.

Throughout the shot, the visible faces, hairstyles and clothing match the first frame; the scene remains the same terminal glass, concrete canopy and curb under daytime sunlight.

Photorealistic modern African mining drama, natural skin and fabric texture, restrained performance, vertical composition.

======================================================================
ep01_镜19  (7.708333s, 1 拍, 估算 335 token)
======================================================================
From the pickup area beside Su Hui toward Jiang and the terminal glass. The camera is locked off at eye level. A steady close-up retaining both backpack straps. Young Jiang Yan wears his faded blue shirt with both backpack straps visible.

0-7.70833s: Jiang's eyes move upward along his mother's face and gray hair beyond the right edge, then settle on her eyes. His lips stay closed and his shoulders rise slightly with a quiet breath, backpack straps resting on both shoulders. Adult Jiang narrates in Mandarin Chinese with the same low steady male voice, reflective and measured: "我以全校第一的成绩考上夏国地质大学资源勘察专业。". The voice comes from off-screen while the person visible in frame keeps their lips closed and still. Distant curb traffic and indistinct terminal ambience.

Throughout the shot, the visible faces, hairstyles and clothing match the first frame; the scene remains the same terminal glass, concrete canopy and curb under daytime sunlight.

Photorealistic modern African mining drama, natural skin and fabric texture, restrained performance, vertical composition.

======================================================================
ep01_镜20  (7.708333s, 1 拍, 估算 339 token)
======================================================================
From the terminal-side walkway toward the curb, facing Su Hui with Jiang at the right edge. The camera is locked off at eye level. A steady chest-up close-up retaining the partner at the frame edge. Young Jiang Yan in a faded blue shirt reunites with Su Hui in a cream dress, gray apron and gray hair bun.

0-7.70833s: Already face to face with her son, Su Hui's lower eyelids lift and her chin trembles slightly; she takes a shallow breath with closed lips. Jiang remains at the right edge. Adult Jiang narrates in Mandarin Chinese with the same low steady male voice, reflective and measured: "大学毕业的第一件事，就是飞到这里，想把母亲接回家，". The voice comes from off-screen while the person visible in frame keeps their lips closed and still. Distant curb traffic and indistinct terminal ambience.

Throughout the shot, the visible faces, hairstyles and clothing match the first frame; the scene remains the same terminal glass, concrete canopy and curb under daytime sunlight.

Photorealistic modern African mining drama, natural skin and fabric texture, restrained performance, vertical composition.

======================================================================
ep01_镜21  (7.041667s, 1 拍, 估算 329 token)
======================================================================
From the pickup area beside Su Hui toward Jiang and the terminal glass. The camera is locked off at eye level. A steady chest-up close-up retaining the partner at the frame edge. Young Jiang Yan in a faded blue shirt reunites with Su Hui in a cream dress, gray apron and gray hair bun.

0-7.04167s: Jiang's brows soften as his gaze rests on his mother to the right. He swallows once and his lips remain closed; the young man's expression conveys concern for her fatigue. Adult Jiang narrates in Mandarin Chinese with the same low steady male voice, reflective and measured: "可我没想到，等待我们母子的，是屈辱与算计。". The voice comes from off-screen while the person visible in frame keeps their lips closed and still. Distant curb traffic and indistinct terminal ambience.

Throughout the shot, the visible faces, hairstyles and clothing match the first frame; the scene remains the same terminal glass, concrete canopy and curb under daytime sunlight.

Photorealistic modern African mining drama, natural skin and fabric texture, restrained performance, vertical composition.

======================================================================
ep01_镜22  (7.708333s, 3 拍, 估算 446 token)
======================================================================
From the terminal-side walkway toward the curb, facing Su Hui with Jiang at the right edge. The camera is locked off at eye level. A steady medium two-person composition with the existing hands and props visible. Young Jiang Yan in a faded blue shirt reunites with Su Hui in a cream dress, gray apron and gray hair bun.

0-1.2s: Jiang slides the address paper into his shirt pocket with his left hand and releases the upright suitcase handle with his right. Su Hui keeps both palms extended. Distant curb traffic and indistinct terminal ambience.

1.2-5.1s: As Su Hui speaks, Jiang slips the backpack straps off his shoulders, lifts the bag forward with both hands, and lowers it into her waiting hands. Su Hui speaks in Mandarin Chinese with a soft middle-aged female voice, quiet and slightly breathy with a trembling breath: "小砚，可算到了，累不累？".

5.1-7.70833s: Su Hui settles the backpack handle into her left hand as she finishes the invitation; Jiang releases the bag and returns his right hand to the suitcase handle. Su Hui speaks in Mandarin Chinese with a soft middle-aged female voice, quiet and slightly breathy with a trembling breath: "快跟我回家。".

Throughout the shot, the visible faces, hairstyles and clothing match the first frame; the scene remains the same terminal glass, concrete canopy and curb under daytime sunlight.

Photorealistic modern African mining drama, natural skin and fabric texture, restrained performance, vertical composition.

======================================================================
ep01_镜23  (5.041667s, 1 拍, 估算 296 token)
======================================================================
From the pickup area beside Su Hui toward Jiang and the terminal glass. The camera is locked off at eye level. A steady chest-up close-up retaining the partner at the frame edge. Young Jiang Yan in a faded blue shirt reunites with Su Hui in a cream dress, gray apron and gray hair bun.

Jiang's eyes trace his mother's gray hair above the right edge, his throat moves with a small swallow, and his lips articulate his concern. His bare shoulders settle as he finishes looking at her face. Jiang speaks in Mandarin Chinese with a low steady young male voice, measured and restrained: "妈，我不累，你怎么瘦了这么多。". Distant curb traffic and indistinct terminal ambience.

Throughout the shot, the visible faces, hairstyles and clothing match the first frame; the scene remains the same terminal glass, concrete canopy and curb under daytime sunlight.

Photorealistic modern African mining drama, natural skin and fabric texture, restrained performance, vertical composition.

======================================================================
ep01_镜24_u1  (5.041667s, 1 拍, 估算 329 token)
======================================================================
From the terminal-side walkway toward the curb, facing Su Hui with Jiang at the right edge. The camera is locked off at eye level. A steady chest-up close-up retaining the partner at the frame edge. Young Jiang Yan in a faded blue shirt reunites with Su Hui in a cream dress, gray apron and gray hair bun.

Her right fingertips continue the wipe already begun at the outer corner of her eye, then lower beneath the crop. Su Hui's lips articulate her explanation, their corners held in a small strained curve while her brows stay pinched. Su Hui speaks in Mandarin Chinese with a soft middle-aged female voice, quiet and slightly breathy with a slight catch in the breath beneath a small forced smile: "这边太阳大，显的，快走吧，". Distant curb traffic and indistinct terminal ambience.

Throughout the shot, the visible faces, hairstyles and clothing match the first frame; the scene remains the same terminal glass, concrete canopy and curb under daytime sunlight.

Photorealistic modern African mining drama, natural skin and fabric texture, restrained performance, vertical composition.

======================================================================
ep01_镜24_u2  (6.708333s, 1 拍, 估算 326 token)
======================================================================
From the terminal-side walkway toward the curb, facing Su Hui with Jiang at the right edge. The camera is locked off at eye level. A steady chest-up close-up retaining the partner at the frame edge. Young Jiang Yan in a faded blue shirt reunites with Su Hui in a cream dress, gray apron and gray hair bun.

0-6.70833s: With her right hand lowered, Su Hui's lips form the invitation to the meal. Her small strained smile briefly falters at one corner, then returns; her wet eyes stay directed toward her son. Su Hui speaks in Mandarin Chinese with a soft middle-aged female voice, quiet and slightly breathy with a slight catch in the breath beneath a small forced smile: "你表叔家都等着呢，特意给你做了接风饭。". Distant curb traffic and indistinct terminal ambience.

Throughout the shot, the visible faces, hairstyles and clothing match the first frame; the scene remains the same terminal glass, concrete canopy and curb under daytime sunlight.

Photorealistic modern African mining drama, natural skin and fabric texture, restrained performance, vertical composition.

======================================================================
ep01_镜25  (4.041667s, 1 拍, 估算 277 token)
======================================================================
From behind mother and son along the airport walkway toward its existing vanishing point. The camera is locked off at eye level. A full-body wide composition retaining the established spatial relationships. Young Jiang Yan in a faded blue shirt reunites with Su Hui in a cream dress, gray apron and gray hair bun.

Su Hui continues a few slow steps away along the walkway into the existing depth, the backpack swinging slightly from her left hand. Jiang follows with short steps, his right hand pulling the suitcase along the same path; their distance stays close. Distant curb traffic and indistinct terminal ambience.

Throughout the shot, the visible faces, hairstyles and clothing match the first frame; the scene remains the same terminal glass, concrete canopy and curb under daytime sunlight.

Photorealistic modern African mining drama, natural skin and fabric texture, restrained performance, vertical composition.

======================================================================
ep01_镜26  (5.041667s, 1 拍, 估算 269 token)
======================================================================
From beside the stairs toward the living-room window and the sofa on the right. The camera is locked off at eye level. A full-body wide composition retaining the established spatial relationships. Jiang Yan and Su Hui are the standing guests; Liu Lan in navy satin and Gu Yao in a white top are the seated hosts.

Already stopped in the living room, Su Hui draws her shoulders inward and leans forward a fraction. Jiang settles the suitcase upright at his right side; Liu Lan flexes her raised fingertips while Gu Yao's thumbs move on her phone. Quiet indoor room tone.

Throughout the shot, the visible faces, hairstyles and clothing match the first frame; the scene remains the same double-height living room, black leather sofa and marble TV wall under cool daylight.

Photorealistic modern African mining drama, natural skin and fabric texture, restrained performance, vertical composition.

======================================================================
ep01_镜27  (4.041667s, 1 拍, 估算 252 token)
======================================================================
From the west side of the sofa area toward Liu Lan and Gu Yao seated against the marble wall. The camera is locked off at eye level. A steady medium two-person composition with the existing hands and props visible. Liu Lan in navy satin and Gu Yao in a white top sit together on the black leather sofa.

Liu Lan slowly turns her raised right wrist to inspect the nails. Beside her, Gu Yao moves one thumb across her phone screen; both women keep their eyes lowered toward their own hands. Quiet indoor room tone.

Throughout the shot, the visible faces, hairstyles and clothing match the first frame; the scene remains the same double-height living room, black leather sofa and marble TV wall under cool daylight.

Photorealistic modern African mining drama, natural skin and fabric texture, restrained performance, vertical composition.

======================================================================
ep01_镜28  (4.041667s, 1 拍, 估算 315 token)
======================================================================
From the sofa side toward the standing guests near the stairs. The camera is locked off at eye level. A steady chest-up close-up retaining the partner at the frame edge. Jiang Yan and Su Hui are the standing guests; Liu Lan in navy satin and Gu Yao in a white top are the seated hosts.

Su Hui maintains the tentative smile already on her face as her lips introduce her son, her chin dipping slightly toward the seated women. Jiang stays standing behind her with the suitcase; Liu Lan looks at her nails and Gu Yao looks at her phone. Su Hui speaks in Mandarin Chinese with a soft middle-aged female voice, quiet and slightly breathy tentatively seeking acknowledgement: "刘姐，瑶瑶，小砚到了。". Quiet indoor room tone.

Throughout the shot, the visible faces, hairstyles and clothing match the first frame; the scene remains the same double-height living room, black leather sofa and marble TV wall under cool daylight.

Photorealistic modern African mining drama, natural skin and fabric texture, restrained performance, vertical composition.

======================================================================
ep01_镜29_u1  (4.708333s, 2 拍, 估算 305 token)
======================================================================
From the west side of the sofa area toward Liu Lan and Gu Yao seated against the marble wall. The camera is locked off at eye level. A steady chest-up close-up retaining the partner at the frame edge. Liu Lan in navy satin inspects her nails with Gu Yao partially visible beside her.

First, liu Lan brings her raised nails a little closer and gives them one small puff of breath; her eyes stay lowered toward her fingertips. Quiet indoor room tone.

Finally, her right hand remains raised after the puff; Liu Lan's lips form the short greeting with her eyes still on her nails. Liu Lan speaks in Mandarin Chinese with a smooth lower female voice, slow and condescending: "哟，来了啊，".

Throughout the shot, the visible faces, hairstyles and clothing match the first frame; the scene remains the same double-height living room, black leather sofa and marble TV wall under cool daylight.

Photorealistic modern African mining drama, natural skin and fabric texture, restrained performance, vertical composition.

======================================================================
ep01_镜29_u2  (5.041667s, 1 拍, 估算 284 token)
======================================================================
From the west side of the sofa area toward Liu Lan and Gu Yao seated against the marble wall. The camera is locked off at eye level. A steady chest-up close-up retaining the partner at the frame edge. Liu Lan in navy satin inspects her nails with Gu Yao partially visible beside her.

Her right hand remains lifted after the puff; Liu Lan's lips draw out the question while her wrist tilts slightly to inspect another nail. Her gaze stays lowered toward her hand. Liu Lan speaks in Mandarin Chinese with a smooth lower female voice, slow and condescending: "听你妈说你是名牌大学毕业？". Quiet indoor room tone.

Throughout the shot, the visible faces, hairstyles and clothing match the first frame; the scene remains the same double-height living room, black leather sofa and marble TV wall under cool daylight.

Photorealistic modern African mining drama, natural skin and fabric texture, restrained performance, vertical composition.

======================================================================
ep01_镜30  (5.041667s, 1 拍, 估算 323 token)
======================================================================
From the sofa side toward the standing guests near the stairs. The camera is locked off at eye level. A steady chest-up close-up retaining the partner at the frame edge. Jiang Yan and Su Hui are the standing guests; Liu Lan in navy satin and Gu Yao in a white top are the seated hosts.

Jiang's lips press into a narrow line as his eyes stay on Liu Lan at the left. His throat shifts with a restrained breath. Su Hui remains at the right foreground; the seated women maintain their places. Liu Lan speaks in Mandarin Chinese with a smooth lower female voice, slow and condescending: "我们家可小，委屈你大学生了。". The voice comes from off-screen while the person visible in frame keeps their lips closed and still. Quiet indoor room tone.

Throughout the shot, the visible faces, hairstyles and clothing match the first frame; the scene remains the same double-height living room, black leather sofa and marble TV wall under cool daylight.

Photorealistic modern African mining drama, natural skin and fabric texture, restrained performance, vertical composition.

======================================================================
ep01_镜31_u1  (6.041667s, 2 拍, 估算 315 token)
======================================================================
From the west side of the sofa area toward Liu Lan and Gu Yao seated against the marble wall. The camera is locked off at eye level. A steady chest-up close-up retaining the partner at the frame edge. Gu Yao in a white knit top sits beside her mother Liu Lan in navy satin.

0-1.2s: Gu Yao lifts her eyes from the phone below the crop, briefly scans Jiang toward the left and gives one short nasal scoff, then angles her chin toward her mother. Quiet indoor room tone.

1.2-6.04167s: Gu Yao's lips begin the remark while her gaze stays on her mother at the left; one mouth corner lifts slightly. Gu Yao speaks in Mandarin Chinese with a brighter young female voice, languid and mocking: "妈，人家好不容易从国内来，".

Throughout the shot, the visible faces, hairstyles and clothing match the first frame; the scene remains the same double-height living room, black leather sofa and marble TV wall under cool daylight.

Photorealistic modern African mining drama, natural skin and fabric texture, restrained performance, vertical composition.

======================================================================
ep01_镜31_u2  (5.708333s, 1 拍, 估算 288 token)
======================================================================
From the west side of the sofa area toward Liu Lan and Gu Yao seated against the marble wall. The camera is locked off at eye level. A steady chest-up close-up retaining the partner at the frame edge. Gu Yao in a white knit top sits beside her mother Liu Lan in navy satin.

Still addressing her mother, Gu Yao's lips finish the mocking question with one raised mouth corner, then her eyes lower back toward the phone below the crop. Her mother remains seated at the left. Gu Yao speaks in Mandarin Chinese with a brighter young female voice, languid and mocking: "不得好好见识见识非洲的好日子？". Quiet indoor room tone.

Throughout the shot, the visible faces, hairstyles and clothing match the first frame; the scene remains the same double-height living room, black leather sofa and marble TV wall under cool daylight.

Photorealistic modern African mining drama, natural skin and fabric texture, restrained performance, vertical composition.

======================================================================
ep01_镜32  (5.041667s, 1 拍, 估算 337 token)
======================================================================
From the sofa side toward the standing guests near the stairs. The camera is locked off at eye level. A steady medium two-person composition with the existing hands and props visible. Jiang Yan and Su Hui are the standing guests; Liu Lan in navy satin and Gu Yao in a white top are the seated hosts.

Su Hui turns her head slightly toward her son while holding the backpack in her left hand. Jiang's brows draw inward and his gaze lowers toward his suitcase; his right fingers remain loose on the handle. Gu Yao stays seated with her phone. Gu Yao speaks in Mandarin Chinese with a brighter young female voice, languid and mocking: "别回头住不惯，再闹着要回去。". The voice comes from off-screen while the person visible in frame keeps their lips closed and still. Quiet indoor room tone.

Throughout the shot, the visible faces, hairstyles and clothing match the first frame; the scene remains the same double-height living room, black leather sofa and marble TV wall under cool daylight.

Photorealistic modern African mining drama, natural skin and fabric texture, restrained performance, vertical composition.

======================================================================
ep01_镜33  (4.041667s, 1 拍, 估算 255 token)
======================================================================
Beside Jiang at suitcase-handle height on the guest side of the living room. The camera is locked off at hand height. A tight detail of the right hand and suitcase handle against the blurred marble floor. The close-up shows Jiang Yan's right hand resting on the black suitcase handle.

Jiang's four loose right fingers curl around the black suitcase handle one joint at a time; his thumb braces the opposite side and the knuckles grow pale. His hand holds the completed tight grip through the ending. Quiet indoor room tone.

Throughout the shot, the visible faces, hairstyles and clothing match the first frame; the scene remains the same double-height living room, black leather sofa and marble TV wall under cool daylight.

Photorealistic modern African mining drama, natural skin and fabric texture, restrained performance, vertical composition.

======================================================================
ep01_镜34  (7.708333s, 1 拍, 估算 371 token)
======================================================================
From beside the stairs toward the living-room window and the sofa on the right. The camera is locked off at eye level. A full-body wide composition retaining the established spatial relationships. Jiang Yan and Su Hui are the standing guests; Liu Lan in navy satin and Gu Yao in a white top are the seated hosts.

0-7.70833s: Su Hui continues the guiding pressure of the right palm already on Jiang's upper back. He takes two short steps toward the left corridor beside the stairs, the suitcase rolling beside him; she follows carrying the backpack in her left hand and speaks. They pause at the corridor entrance while she finishes, ready to proceed. The seated women stay on the sofa. Su Hui speaks in Mandarin Chinese with her soft middle-aged female voice, brisk and conciliatory as she guides her son away: "快把行李放进去，歇会儿就开饭了，你表叔一会儿就回来。". Quiet indoor room tone.

Throughout the shot, the visible faces, hairstyles and clothing match the first frame; the scene remains the same double-height living room, black leather sofa and marble TV wall under cool daylight.

Photorealistic modern African mining drama, natural skin and fabric texture, restrained performance, vertical composition.

======================================================================
ep01_镜35  (7.041667s, 3 拍, 估算 352 token)
======================================================================
From the window side of the guest room toward Su Hui and the door. The camera is locked off at eye level. A steady medium two-person composition with the existing hands and props visible. Jiang Yan in a faded blue shirt listens to his mother Su Hui in her cream dress and gray apron.

0-2.5s: Su Hui continues pressing the partly open door closed with her right palm until the latch clicks. Jiang lowers his left hand from his chest while holding the suitcase with his right. Quiet indoor room tone.

2.5-5s: Su Hui lifts the backpack from her left hand onto the existing empty table at the left, releases its handle and turns her shoulders toward her son.

5-7.04167s: Jiang rolls the suitcase a short distance toward the bed foot beyond the crop and bends his knees to sit at the bed edge. Su Hui brings her hands together at her abdomen facing him.

Throughout the shot, the visible faces, hairstyles and clothing match the first frame; the scene remains the same guest-room door, plain walls and dark wood floor under daylight from the window.

Photorealistic modern African mining drama, natural skin and fabric texture, restrained performance, vertical composition.

======================================================================
ep01_镜36_u1  (6.375s, 1 拍, 估算 291 token)
======================================================================
From the window side of the guest room toward Su Hui and the door. The camera is locked off at eye level. A steady chest-up close-up retaining the partner at the frame edge. Jiang Yan in a faded blue shirt listens to his mother Su Hui in her cream dress and gray apron.

0-6.375s: With her hands already folded at her abdomen, Su Hui's thumbs rub together and her head inclines toward her seated son as her lips quietly begin the advice. Her shoulders stay drawn inward. Su Hui speaks in Mandarin Chinese with a soft middle-aged female voice, quiet and slightly breathy: "小砚，在人家里住着，多一事不如少一事，". Quiet indoor room tone.

Throughout the shot, the visible faces, hairstyles and clothing match the first frame; the scene remains the same guest-room door, plain walls and dark wood floor under daylight from the window.

Photorealistic modern African mining drama, natural skin and fabric texture, restrained performance, vertical composition.

======================================================================
ep01_镜36_u2  (5.041667s, 1 拍, 估算 273 token)
======================================================================
From the window side of the guest room toward Su Hui and the door. The camera is locked off at eye level. A steady chest-up close-up retaining the partner at the frame edge. Jiang Yan in a faded blue shirt listens to his mother Su Hui in her cream dress and gray apron.

Su Hui's fingers press together as her lips finish the caution and softly add the final question. She lifts her eyes toward her seated son and holds the expectant look. Su Hui speaks in Mandarin Chinese with a soft middle-aged female voice, quiet and slightly breathy: "别跟她们顶嘴，啊？". Quiet indoor room tone.

Throughout the shot, the visible faces, hairstyles and clothing match the first frame; the scene remains the same guest-room door, plain walls and dark wood floor under daylight from the window.

Photorealistic modern African mining drama, natural skin and fabric texture, restrained performance, vertical composition.

======================================================================
ep01_镜37_u1  (5.708333s, 1 拍, 估算 313 token)
======================================================================
From the door side of the guest room toward seated Jiang with Su Hui at the right edge. The camera is locked off at eye level. A steady chest-up close-up retaining the partner at the frame edge. Jiang Yan in a faded blue shirt listens to his mother Su Hui in her cream dress and gray apron.

Seated Jiang keeps his lips closed as his eyes lift toward his standing mother at the upper right. His throat moves with a small swallow and his brows soften. Su Hui speaks in Mandarin Chinese with a soft middle-aged female voice, quiet and slightly breathy: "你表叔这些年收留我，供你上大学，". The voice comes from off-screen while the person visible in frame keeps their lips closed and still. Quiet indoor room tone.

Throughout the shot, the visible faces, hairstyles and clothing match the first frame; the scene remains the same guest-room door, plain walls and dark wood floor under daylight from the window.

Photorealistic modern African mining drama, natural skin and fabric texture, restrained performance, vertical composition.

======================================================================
ep01_镜37_u2  (4.708333s, 1 拍, 估算 313 token)
======================================================================
From the door side of the guest room toward seated Jiang with Su Hui at the right edge. The camera is locked off at eye level. A steady chest-up close-up retaining the partner at the frame edge. Jiang Yan in a faded blue shirt listens to his mother Su Hui in her cream dress and gray apron.

Continuing the listening posture, Jiang's eyelids lower in a slow blink, then open toward his mother. His lower lip presses lightly against the upper lip and his shoulders settle. Su Hui speaks in Mandarin Chinese with a soft middle-aged female voice, quiet and slightly breathy: "咱们得懂得感恩。". The voice comes from off-screen while the person visible in frame keeps their lips closed and still. Quiet indoor room tone.

Throughout the shot, the visible faces, hairstyles and clothing match the first frame; the scene remains the same guest-room door, plain walls and dark wood floor under daylight from the window.

Photorealistic modern African mining drama, natural skin and fabric texture, restrained performance, vertical composition.

======================================================================
ep01_镜38  (5.041667s, 2 拍, 估算 361 token)
======================================================================
From the door side of the guest room toward seated Jiang with Su Hui at the right edge. The camera rides a slow dolly at seated eye level. Chest-up close-up easing to a shoulder close-up. A small slow push only as far as a shoulder close-up, then holds at that size with the top of the head comfortably inside the frame. Jiang Yan in a faded blue shirt listens to his mother Su Hui in her cream dress and gray apron.

First, jiang lowers and raises his chin in one small nod toward his standing mother; his eyes remain angled toward her at the upper right. Quiet indoor room tone.

Finally, jiang's lips form the quiet answer, then press gently together. His brows stay softly drawn and his eyes remain on his mother as the camera reaches its final shoulder close-up. Jiang speaks in Mandarin Chinese with a low steady young male voice, measured and restrained: "我知道了妈。".

Throughout the shot, the visible faces, hairstyles and clothing match the first frame; the scene remains the same guest-room door, plain walls and dark wood floor under daylight from the window.

Photorealistic modern African mining drama, natural skin and fabric texture, restrained performance, vertical composition.

共处理 49 张镜头卡（正文语言 en）

11 条提示（不阻塞，建议人工确认）:
  WARN: [ep01_镜04_u2] 首帧还没落地，声明来自 `ep01_镜04_u1:last`——必须先把上一段生成出来、抽出尾帧、把路径填回 `first_frame`，才能提交这一段
  WARN: [ep01_镜06_u2] 首帧还没落地，声明来自 `ep01_镜06_u1:last`——必须先把上一段生成出来、抽出尾帧、把路径填回 `first_frame`，才能提交这一段
  WARN: [ep01_镜12_u2] 首帧还没落地，声明来自 `ep01_镜12_u1:last`——必须先把上一段生成出来、抽出尾帧、把路径填回 `first_frame`，才能提交这一段
  WARN: [ep01_镜15_u2] 首帧还没落地，声明来自 `ep01_镜15_u1:last`——必须先把上一段生成出来、抽出尾帧、把路径填回 `first_frame`，才能提交这一段
  WARN: [ep01_镜15_u3] 首帧还没落地，声明来自 `ep01_镜15_u2:last`——必须先把上一段生成出来、抽出尾帧、把路径填回 `first_frame`，才能提交这一段
  WARN: [ep01_镜18_u2] 首帧还没落地，声明来自 `ep01_镜18_u1:last`——必须先把上一段生成出来、抽出尾帧、把路径填回 `first_frame`，才能提交这一段
  WARN: [ep01_镜24_u2] 首帧还没落地，声明来自 `ep01_镜24_u1:last`——必须先把上一段生成出来、抽出尾帧、把路径填回 `first_frame`，才能提交这一段
  WARN: [ep01_镜29_u2] 首帧还没落地，声明来自 `ep01_镜29_u1:last`——必须先把上一段生成出来、抽出尾帧、把路径填回 `first_frame`，才能提交这一段
  WARN: [ep01_镜31_u2] 首帧还没落地，声明来自 `ep01_镜31_u1:last`——必须先把上一段生成出来、抽出尾帧、把路径填回 `first_frame`，才能提交这一段
  WARN: [ep01_镜36_u2] 首帧还没落地，声明来自 `ep01_镜36_u1:last`——必须先把上一段生成出来、抽出尾帧、把路径填回 `first_frame`，才能提交这一段
  WARN: [ep01_镜37_u2] 首帧还没落地，声明来自 `ep01_镜37_u1:last`——必须先把上一段生成出来、抽出尾帧、把路径填回 `first_frame`，才能提交这一段
未发现阻塞性问题。
