[江砚_初来期_三视图] 生成 -> 江砚_初来期_三视图_00.png ...
[江砚_初来期_三视图] 生成 -> 江砚_初来期_三视图_01.png ...
[江砚_初来期_三视图] 生成 -> 江砚_初来期_三视图_02.png ...
[苏慧_佣人期_三视图] 生成 -> 苏慧_佣人期_三视图_00.png ...
  已保存 [江砚_初来期_三视图] 江砚_初来期_三视图_00.png
[苏慧_佣人期_三视图] 生成 -> 苏慧_佣人期_三视图_01.png ...
  已保存 [苏慧_佣人期_三视图] 苏慧_佣人期_三视图_00.png
[苏慧_佣人期_三视图] 生成 -> 苏慧_佣人期_三视图_02.png ...
  已保存 [江砚_初来期_三视图] 江砚_初来期_三视图_02.png
[刘兰_三视图] 生成 -> 刘兰_三视图_00.png ...
  已保存 [江砚_初来期_三视图] 江砚_初来期_三视图_01.png
[刘兰_三视图] 生成 -> 刘兰_三视图_01.png ...
  已保存 [刘兰_三视图] 刘兰_三视图_00.png
[刘兰_三视图] 生成 -> 刘兰_三视图_02.png ...
  已保存 [苏慧_佣人期_三视图] 苏慧_佣人期_三视图_02.png
[顾瑶_三视图] 生成 -> 顾瑶_三视图_00.png ...
  已保存 [苏慧_佣人期_三视图] 苏慧_佣人期_三视图_01.png
[顾瑶_三视图] 生成 -> 顾瑶_三视图_01.png ...
  已保存 [刘兰_三视图] 刘兰_三视图_02.png
[顾瑶_三视图] 生成 -> 顾瑶_三视图_02.png ...
  已保存 [顾瑶_三视图] 顾瑶_三视图_02.png
[顾万通_得势期_三视图] 生成 -> 顾万通_得势期_三视图_00.png ...
  已保存 [顾瑶_三视图] 顾瑶_三视图_01.png
[顾万通_得势期_三视图] 生成 -> 顾万通_得势期_三视图_01.png ...
  已保存 [刘兰_三视图] 刘兰_三视图_01.png
[顾万通_得势期_三视图] 生成 -> 顾万通_得势期_三视图_02.png ...
  已保存 [顾瑶_三视图] 顾瑶_三视图_00.png
[顾浩_三视图] 生成 -> 顾浩_三视图_00.png ...
  已保存 [顾万通_得势期_三视图] 顾万通_得势期_三视图_00.png
[顾浩_三视图] 生成 -> 顾浩_三视图_01.png ...
  已保存 [顾万通_得势期_三视图] 顾万通_得势期_三视图_02.png
[顾浩_三视图] 生成 -> 顾浩_三视图_02.png ...
  已保存 [顾浩_三视图] 顾浩_三视图_00.png
[陈野_三视图] 生成 -> 陈野_三视图_00.png ...
  已保存 [顾万通_得势期_三视图] 顾万通_得势期_三视图_01.png
[陈野_三视图] 生成 -> 陈野_三视图_01.png ...
  已保存 [顾浩_三视图] 顾浩_三视图_01.png
[陈野_三视图] 生成 -> 陈野_三视图_02.png ...
  已保存 [顾浩_三视图] 顾浩_三视图_02.png
[矿场技术员_三视图] 生成 -> 矿场技术员_三视图_00.png ...
  已保存 [陈野_三视图] 陈野_三视图_00.png
[矿场技术员_三视图] 生成 -> 矿场技术员_三视图_01.png ...
  已保存 [陈野_三视图] 陈野_三视图_01.png
[矿场技术员_三视图] 生成 -> 矿场技术员_三视图_02.png ...
  已保存 [陈野_三视图] 陈野_三视图_02.png
[SC01_顾家别墅客厅_A主机位] 生成 -> SC01_顾家别墅客厅_A主机位_00.png ...
  已保存 [矿场技术员_三视图] 矿场技术员_三视图_02.png
[SC01_顾家别墅客厅_A主机位] 生成 -> SC01_顾家别墅客厅_A主机位_01.png ...
  已保存 [SC01_顾家别墅客厅_A主机位] SC01_顾家别墅客厅_A主机位_00.png
[SC01_顾家别墅客厅_A主机位] 生成 -> SC01_顾家别墅客厅_A主机位_02.png ...
  已保存 [矿场技术员_三视图] 矿场技术员_三视图_00.png
[SC02_顾家餐厅_A主机位] 生成 -> SC02_顾家餐厅_A主机位_00.png ...
  已保存 [矿场技术员_三视图] 矿场技术员_三视图_01.png
[SC02_顾家餐厅_A主机位] 生成 -> SC02_顾家餐厅_A主机位_01.png ...
  已保存 [SC01_顾家别墅客厅_A主机位] SC01_顾家别墅客厅_A主机位_01.png
[SC02_顾家餐厅_A主机位] 生成 -> SC02_顾家餐厅_A主机位_02.png ...
  已保存 [SC02_顾家餐厅_A主机位] SC02_顾家餐厅_A主机位_00.png
[SC03_顾家客房_A主机位] 生成 -> SC03_顾家客房_A主机位_00.png ...
  已保存 [SC01_顾家别墅客厅_A主机位] SC01_顾家别墅客厅_A主机位_02.png
[SC03_顾家客房_A主机位] 生成 -> SC03_顾家客房_A主机位_01.png ...
  已保存 [SC02_顾家餐厅_A主机位] SC02_顾家餐厅_A主机位_01.png
[SC03_顾家客房_A主机位] 生成 -> SC03_顾家客房_A主机位_02.png ...
  已保存 [SC02_顾家餐厅_A主机位] SC02_顾家餐厅_A主机位_02.png
[SC04_矿场板房办公室_A主机位] 生成 -> SC04_矿场板房办公室_A主机位_00.png ...
  已保存 [SC03_顾家客房_A主机位] SC03_顾家客房_A主机位_00.png
[SC04_矿场板房办公室_A主机位] 生成 -> SC04_矿场板房办公室_A主机位_01.png ...
  已保存 [SC03_顾家客房_A主机位] SC03_顾家客房_A主机位_01.png
[SC04_矿场板房办公室_A主机位] 生成 -> SC04_矿场板房办公室_A主机位_02.png ...
  已保存 [SC03_顾家客房_A主机位] SC03_顾家客房_A主机位_02.png
[SC05_监狱门口_A主机位] 生成 -> SC05_监狱门口_A主机位_00.png ...
  已保存 [SC04_矿场板房办公室_A主机位] SC04_矿场板房办公室_A主机位_00.png
[SC05_监狱门口_A主机位] 生成 -> SC05_监狱门口_A主机位_01.png ...
  已保存 [SC04_矿场板房办公室_A主机位] SC04_矿场板房办公室_A主机位_01.png
[SC05_监狱门口_A主机位] 生成 -> SC05_监狱门口_A主机位_02.png ...
  已保存 [SC04_矿场板房办公室_A主机位] SC04_矿场板房办公室_A主机位_02.png
[SC06_机场出口_A主机位] 生成 -> SC06_机场出口_A主机位_00.png ...
  已保存 [SC05_监狱门口_A主机位] SC05_监狱门口_A主机位_01.png
[SC06_机场出口_A主机位] 生成 -> SC06_机场出口_A主机位_01.png ...
  已保存 [SC05_监狱门口_A主机位] SC05_监狱门口_A主机位_02.png
[SC06_机场出口_A主机位] 生成 -> SC06_机场出口_A主机位_02.png ...
  已保存 [SC05_监狱门口_A主机位] SC05_监狱门口_A主机位_00.png
  已保存 [SC06_机场出口_A主机位] SC06_机场出口_A主机位_00.png
  已保存 [SC06_机场出口_A主机位] SC06_机场出口_A主机位_01.png
  已保存 [SC06_机场出口_A主机位] SC06_机场出口_A主机位_02.png

完成，本次共生成 42 张图片，记录已追加到 /workspaces/AI-/output/出狱后我成为了非洲矿王_v2/assets/manifest.append.jsonl
