[SC01_顾家别墅客厅_B反打] 生成 -> SC01_顾家别墅客厅_B反打_00.png ...
[SC01_顾家别墅客厅_B反打] 生成 -> SC01_顾家别墅客厅_B反打_01.png ...
[SC01_顾家别墅客厅_B反打] 生成 -> SC01_顾家别墅客厅_B反打_02.png ...
[SC01_顾家别墅客厅_C侧机位] 生成 -> SC01_顾家别墅客厅_C侧机位_00.png ...
  已保存 [SC01_顾家别墅客厅_C侧机位] SC01_顾家别墅客厅_C侧机位_00.png
[SC01_顾家别墅客厅_C侧机位] 生成 -> SC01_顾家别墅客厅_C侧机位_01.png ...
  已保存 [SC01_顾家别墅客厅_B反打] SC01_顾家别墅客厅_B反打_00.png
[SC01_顾家别墅客厅_C侧机位] 生成 -> SC01_顾家别墅客厅_C侧机位_02.png ...
  已保存 [SC01_顾家别墅客厅_B反打] SC01_顾家别墅客厅_B反打_02.png
[SC01_顾家别墅客厅_D细节] 生成 -> SC01_顾家别墅客厅_D细节_00.png ...
  已保存 [SC01_顾家别墅客厅_B反打] SC01_顾家别墅客厅_B反打_01.png
[SC01_顾家别墅客厅_D细节] 生成 -> SC01_顾家别墅客厅_D细节_01.png ...
  已保存 [SC01_顾家别墅客厅_C侧机位] SC01_顾家别墅客厅_C侧机位_01.png
[SC01_顾家别墅客厅_D细节] 生成 -> SC01_顾家别墅客厅_D细节_02.png ...
  已保存 [SC01_顾家别墅客厅_D细节] SC01_顾家别墅客厅_D细节_00.png
[SC02_顾家餐厅_B反打] 生成 -> SC02_顾家餐厅_B反打_00.png ...
  已保存 [SC01_顾家别墅客厅_D细节] SC01_顾家别墅客厅_D细节_01.png
[SC02_顾家餐厅_B反打] 生成 -> SC02_顾家餐厅_B反打_01.png ...
  已保存 [SC01_顾家别墅客厅_C侧机位] SC01_顾家别墅客厅_C侧机位_02.png
[SC02_顾家餐厅_B反打] 生成 -> SC02_顾家餐厅_B反打_02.png ...
  已保存 [SC01_顾家别墅客厅_D细节] SC01_顾家别墅客厅_D细节_02.png
[SC02_顾家餐厅_C侧机位] 生成 -> SC02_顾家餐厅_C侧机位_00.png ...
  已保存 [SC02_顾家餐厅_B反打] SC02_顾家餐厅_B反打_00.png
[SC02_顾家餐厅_C侧机位] 生成 -> SC02_顾家餐厅_C侧机位_01.png ...
  已保存 [SC02_顾家餐厅_B反打] SC02_顾家餐厅_B反打_01.png
[SC02_顾家餐厅_C侧机位] 生成 -> SC02_顾家餐厅_C侧机位_02.png ...
  已保存 [SC02_顾家餐厅_B反打] SC02_顾家餐厅_B反打_02.png
[SC03_顾家客房_B反打] 生成 -> SC03_顾家客房_B反打_00.png ...
  已保存 [SC02_顾家餐厅_C侧机位] SC02_顾家餐厅_C侧机位_01.png
[SC03_顾家客房_B反打] 生成 -> SC03_顾家客房_B反打_01.png ...
  已保存 [SC02_顾家餐厅_C侧机位] SC02_顾家餐厅_C侧机位_02.png
[SC03_顾家客房_B反打] 生成 -> SC03_顾家客房_B反打_02.png ...
  已保存 [SC02_顾家餐厅_C侧机位] SC02_顾家餐厅_C侧机位_00.png
[SC04_矿场板房办公室_B反打] 生成 -> SC04_矿场板房办公室_B反打_00.png ...
  已保存 [SC03_顾家客房_B反打] SC03_顾家客房_B反打_00.png
[SC04_矿场板房办公室_B反打] 生成 -> SC04_矿场板房办公室_B反打_01.png ...
  已保存 [SC03_顾家客房_B反打] SC03_顾家客房_B反打_01.png
[SC04_矿场板房办公室_B反打] 生成 -> SC04_矿场板房办公室_B反打_02.png ...
  已保存 [SC03_顾家客房_B反打] SC03_顾家客房_B反打_02.png
[SC04_矿场板房办公室_C侧机位] 生成 -> SC04_矿场板房办公室_C侧机位_00.png ...
  已保存 [SC04_矿场板房办公室_B反打] SC04_矿场板房办公室_B反打_00.png
[SC04_矿场板房办公室_C侧机位] 生成 -> SC04_矿场板房办公室_C侧机位_01.png ...
  已保存 [SC04_矿场板房办公室_B反打] SC04_矿场板房办公室_B反打_01.png
[SC04_矿场板房办公室_C侧机位] 生成 -> SC04_矿场板房办公室_C侧机位_02.png ...
  已保存 [SC04_矿场板房办公室_B反打] SC04_矿场板房办公室_B反打_02.png
[SC04_矿场板房办公室_D细节] 生成 -> SC04_矿场板房办公室_D细节_00.png ...
  已保存 [SC04_矿场板房办公室_C侧机位] SC04_矿场板房办公室_C侧机位_00.png
[SC04_矿场板房办公室_D细节] 生成 -> SC04_矿场板房办公室_D细节_01.png ...
  已保存 [SC04_矿场板房办公室_C侧机位] SC04_矿场板房办公室_C侧机位_02.png
[SC04_矿场板房办公室_D细节] 生成 -> SC04_矿场板房办公室_D细节_02.png ...
  已保存 [SC04_矿场板房办公室_C侧机位] SC04_矿场板房办公室_C侧机位_01.png
[SC05_监狱门口_B反打] 生成 -> SC05_监狱门口_B反打_00.png ...
  已保存 [SC04_矿场板房办公室_D细节] SC04_矿场板房办公室_D细节_00.png
[SC05_监狱门口_B反打] 生成 -> SC05_监狱门口_B反打_01.png ...
  已保存 [SC04_矿场板房办公室_D细节] SC04_矿场板房办公室_D细节_01.png
[SC05_监狱门口_B反打] 生成 -> SC05_监狱门口_B反打_02.png ...
  已保存 [SC05_监狱门口_B反打] SC05_监狱门口_B反打_00.png
  已保存 [SC04_矿场板房办公室_D细节] SC04_矿场板房办公室_D细节_02.png
  已保存 [SC05_监狱门口_B反打] SC05_监狱门口_B反打_01.png
  已保存 [SC05_监狱门口_B反打] SC05_监狱门口_B反打_02.png

完成，本次共生成 30 张图片，记录已追加到 /workspaces/AI-/output/出狱后我成为了非洲矿王_v2/assets/manifest.append.jsonl
