[沈父_表情_坚定] 生成第 1 张 -> 沈父_表情_坚定_00.png ...
  已保存 /workspaces/AI-/output/千金归位/assets/沈父_表情_坚定/沈父_表情_坚定_00.png
[弟弟_正面] 生成第 1 张 -> 弟弟_正面_00.png ...
  已保存 /workspaces/AI-/output/千金归位/assets/弟弟_正面/弟弟_正面_00.png
[弟弟_表情_懵懂] 生成第 1 张 -> 弟弟_表情_懵懂_00.png ...
  已保存 /workspaces/AI-/output/千金归位/assets/弟弟_表情_懵懂/弟弟_表情_懵懂_00.png
[弟弟_表情_动摇犹豫] 生成第 1 张 -> 弟弟_表情_动摇犹豫_00.png ...
  已保存 /workspaces/AI-/output/千金归位/assets/弟弟_表情_动摇犹豫/弟弟_表情_动摇犹豫_00.png
[弟弟_表情_坚定] 生成第 1 张 -> 弟弟_表情_坚定_00.png ...
  已保存 /workspaces/AI-/output/千金归位/assets/弟弟_表情_坚定/弟弟_表情_坚定_00.png
[SC01_殡仪馆门口雨夜] 生成第 1 张 -> SC01_殡仪馆门口雨夜_00.png ...
  已保存 /workspaces/AI-/output/千金归位/assets/SC01_殡仪馆门口雨夜/SC01_殡仪馆门口雨夜_00.png
[SC02_大门门厅_日] 生成第 1 张 -> SC02_大门门厅_日_00.png ...
  已保存 /workspaces/AI-/output/千金归位/assets/SC02_大门门厅_日/SC02_大门门厅_日_00.png
[SC03_客厅_日] 生成第 1 张 -> SC03_客厅_日_00.png ...
  已保存 /workspaces/AI-/output/千金归位/assets/SC03_客厅_日/SC03_客厅_日_00.png
[SC03_客厅_夜] 生成第 1 张 -> SC03_客厅_夜_00.png ...
  已保存 /workspaces/AI-/output/千金归位/assets/SC03_客厅_夜/SC03_客厅_夜_00.png
[SC04_继母书房_夜] 生成第 1 张 -> SC04_继母书房_夜_00.png ...
  已保存 /workspaces/AI-/output/千金归位/assets/SC04_继母书房_夜/SC04_继母书房_夜_00.png
[SC05_沈父房间_日] 生成第 1 张 -> SC05_沈父房间_日_00.png ...
  已保存 /workspaces/AI-/output/千金归位/assets/SC05_沈父房间_日/SC05_沈父房间_日_00.png
[SC06_车道_夜] 生成第 1 张 -> SC06_车道_夜_00.png ...
  已保存 /workspaces/AI-/output/千金归位/assets/SC06_车道_夜/SC06_车道_夜_00.png
[SC06_车道_日] 生成第 1 张 -> SC06_车道_日_00.png ...
  已保存 /workspaces/AI-/output/千金归位/assets/SC06_车道_日/SC06_车道_日_00.png
[SC07_公司门口媒体_日] 生成第 1 张 -> SC07_公司门口媒体_日_00.png ...
  已保存 /workspaces/AI-/output/千金归位/assets/SC07_公司门口媒体_日/SC07_公司门口媒体_日_00.png
[SC08_董事会会议室_日] 生成第 1 张 -> SC08_董事会会议室_日_00.png ...
  已保存 /workspaces/AI-/output/千金归位/assets/SC08_董事会会议室_日/SC08_董事会会议室_日_00.png
[SC09_甜甜卧室_夜] 生成第 1 张 -> SC09_甜甜卧室_夜_00.png ...
  已保存 /workspaces/AI-/output/千金归位/assets/SC09_甜甜卧室_夜/SC09_甜甜卧室_夜_00.png
[SC10_股东大会礼堂_日] 生成第 1 张 -> SC10_股东大会礼堂_日_00.png ...
  已保存 /workspaces/AI-/output/千金归位/assets/SC10_股东大会礼堂_日/SC10_股东大会礼堂_日_00.png
[SC11_就职典礼舞台_日] 生成第 1 张 -> SC11_就职典礼舞台_日_00.png ...
  已保存 /workspaces/AI-/output/千金归位/assets/SC11_就职典礼舞台_日/SC11_就职典礼舞台_日_00.png

完成，本次共生成 18 张图片，记录已追加到 /workspaces/AI-/output/千金归位/assets/manifest.append.jsonl
