  [警告] 超时（240s），跳过
  [警告][ep01_镜19] 未生成 ep01_镜19_00.png，重试一次...
[ep01_镜18] 生成 -> ep01_镜18_00.png ...
[ep01_镜19] 生成 -> ep01_镜19_00.png ...
[ep01_镜20] 生成 -> ep01_镜20_00.png ...
  已保存 [ep01_镜18] ep01_镜18_00.png
[ep01_镜21] 生成 -> ep01_镜21_00.png ...
  已保存 [ep01_镜20] ep01_镜20_00.png
[ep01_镜22] 生成 -> ep01_镜22_00.png ...
  已保存 [ep01_镜21] ep01_镜21_00.png
[ep01_镜23] 生成 -> ep01_镜23_00.png ...
  已保存 [ep01_镜22] ep01_镜22_00.png
[ep01_镜24] 生成 -> ep01_镜24_00.png ...
  已保存 [ep01_镜23] ep01_镜23_00.png
[ep01_镜25] 生成 -> ep01_镜25_00.png ...
  已保存 [ep01_镜24] ep01_镜24_00.png
[ep01_镜26] 生成 -> ep01_镜26_00.png ...
  已保存 [ep01_镜25] ep01_镜25_00.png
[ep01_镜27] 生成 -> ep01_镜27_00.png ...
  已保存 [ep01_镜26] ep01_镜26_00.png
[ep01_镜28] 生成 -> ep01_镜28_00.png ...
  已保存 [ep01_镜19] ep01_镜19_00.png
[ep01_镜29] 生成 -> ep01_镜29_00.png ...
  已保存 [ep01_镜27] ep01_镜27_00.png
[ep01_镜30] 生成 -> ep01_镜30_00.png ...
  已保存 [ep01_镜29] ep01_镜29_00.png
[ep01_镜31] 生成 -> ep01_镜31_00.png ...
  已保存 [ep01_镜28] ep01_镜28_00.png
[ep01_镜32] 生成 -> ep01_镜32_00.png ...
  已保存 [ep01_镜30] ep01_镜30_00.png
[ep01_镜33] 生成 -> ep01_镜33_00.png ...
  已保存 [ep01_镜32] ep01_镜32_00.png
[ep01_镜34] 生成 -> ep01_镜34_00.png ...
  已保存 [ep01_镜31] ep01_镜31_00.png
[ep01_镜35] 生成 -> ep01_镜35_00.png ...
  已保存 [ep01_镜33] ep01_镜33_00.png
  已保存 [ep01_镜34] ep01_镜34_00.png
  已保存 [ep01_镜35] ep01_镜35_00.png

完成，本次共生成 18 张图片，记录已追加到 /workspaces/AI-/output/出狱后我成为了非洲矿王_v2/keyframes/ep01/manifest.append.jsonl
