  [警告] 超时（240s），跳过
  [警告][ep02_镜02] 未生成 ep02_镜02_00.png，重试一次...
  [警告] 超时（240s），跳过
  [警告][ep03_镜10] 未生成 ep03_镜10_01.png，重试一次...
[ep01_镜01] 生成 -> ep01_镜01_00.png ...
[ep01_镜01] 生成 -> ep01_镜01_01.png ...
[ep01_镜01] 生成 -> ep01_镜01_02.png ...
[ep01_镜04] 生成 -> ep01_镜04_00.png ...
  已保存 [ep01_镜01] ep01_镜01_01.png
[ep01_镜04] 生成 -> ep01_镜04_01.png ...
  已保存 [ep01_镜01] ep01_镜01_02.png
[ep01_镜04] 生成 -> ep01_镜04_02.png ...
  已保存 [ep01_镜04] ep01_镜04_00.png
[ep01_镜23] 生成 -> ep01_镜23_00.png ...
  已保存 [ep01_镜04] ep01_镜04_01.png
[ep01_镜23] 生成 -> ep01_镜23_01.png ...
  已保存 [ep01_镜04] ep01_镜04_02.png
[ep01_镜23] 生成 -> ep01_镜23_02.png ...
  已保存 [ep01_镜01] ep01_镜01_00.png
[ep02_镜02] 生成 -> ep02_镜02_00.png ...
  已保存 [ep01_镜23] ep01_镜23_00.png
[ep02_镜02] 生成 -> ep02_镜02_01.png ...
  已保存 [ep01_镜23] ep01_镜23_02.png
[ep02_镜02] 生成 -> ep02_镜02_02.png ...
  已保存 [ep01_镜23] ep01_镜23_01.png
[ep02_镜15] 生成 -> ep02_镜15_00.png ...
  已保存 [ep02_镜02] ep02_镜02_02.png
[ep02_镜15] 生成 -> ep02_镜15_01.png ...
  已保存 [ep02_镜15] ep02_镜15_00.png
[ep02_镜15] 生成 -> ep02_镜15_02.png ...
  已保存 [ep02_镜02] ep02_镜02_01.png
[ep03_镜10] 生成 -> ep03_镜10_00.png ...
  已保存 [ep02_镜15] ep02_镜15_01.png
[ep03_镜10] 生成 -> ep03_镜10_01.png ...
  已保存 [ep02_镜15] ep02_镜15_02.png
[ep03_镜10] 生成 -> ep03_镜10_02.png ...
  已保存 [ep03_镜10] ep03_镜10_00.png
[ep03_镜19] 生成 -> ep03_镜19_00.png ...
  已保存 [ep03_镜10] ep03_镜10_02.png
[ep03_镜19] 生成 -> ep03_镜19_01.png ...
  已保存 [ep02_镜02] ep02_镜02_00.png
[ep03_镜19] 生成 -> ep03_镜19_02.png ...
  已保存 [ep03_镜19] ep03_镜19_00.png
  已保存 [ep03_镜19] ep03_镜19_01.png
  已保存 [ep03_镜19] ep03_镜19_02.png
  已保存 [ep03_镜10] ep03_镜10_01.png

完成，本次共生成 21 张图片，记录已追加到 /workspaces/AI-/output/出狱后我成为了非洲矿王_v2/keyframes/pilot/manifest.append.jsonl
